2026-01-20 01:28:43 [info]: MongoDB Connected: localhost
2026-01-20 01:33:14 [info]: MongoDB Connected: maglev.proxy.rlwy.net
2026-01-29 13:29:22 [info]: MongoDB Connected: maglev.proxy.rlwy.net
2026-01-29 13:37:45 [info]: MongoDB Connected: maglev.proxy.rlwy.net
2026-01-29 13:38:08 [info]: ::1 - - [29/Jan/2026:11:38:08 +0000] "GET /health HTTP/1.1" 200 136 "-" "PostmanRuntime/7.51.0"
2026-01-29 13:38:35 [error]: Error: secretOrPrivateKey must have a value
    at module.exports [as sign] (C:\Users\bobah\Desktop\هاتوا الفلوس اللي عليكو\hato_elfloos_el-3liko\node_modules\jsonwebtoken\sign.js:111:20)
    at generateAccessToken (C:\Users\bobah\Desktop\هاتوا الفلوس اللي عليكو\hato_elfloos_el-3liko\utils\jwt.js:19:14)
    at generateTokens (C:\Users\bobah\Desktop\هاتوا الفلوس اللي عليكو\hato_elfloos_el-3liko\utils\jwt.js:73:23)
    at AuthService.register (C:\Users\bobah\Desktop\هاتوا الفلوس اللي عليكو\hato_elfloos_el-3liko\services\authService.js:48:20)
    at process.processTicksAndRejections (node:internal/process/task_queues:105:5)
    at async C:\Users\bobah\Desktop\هاتوا الفلوس اللي عليكو\hato_elfloos_el-3liko\controllers\authController.js:17:20
2026-01-29 13:38:35 [info]: ::1 - - [29/Jan/2026:11:38:35 +0000] "POST /api/auth/register HTTP/1.1" 500 119 "-" "PostmanRuntime/7.51.0"
2026-01-29 13:38:42 [error]: Error: Email already registered
    at AuthService.register (C:\Users\bobah\Desktop\هاتوا الفلوس اللي عليكو\hato_elfloos_el-3liko\services\authService.js:31:15)
    at process.processTicksAndRejections (node:internal/process/task_queues:105:5)
    at async C:\Users\bobah\Desktop\هاتوا الفلوس اللي عليكو\hato_elfloos_el-3liko\controllers\authController.js:17:20
2026-01-29 13:38:42 [info]: ::1 - - [29/Jan/2026:11:38:42 +0000] "POST /api/auth/register HTTP/1.1" 409 107 "-" "PostmanRuntime/7.51.0"
2026-01-29 13:39:03 [error]: Error: Username already taken
    at AuthService.register (C:\Users\bobah\Desktop\هاتوا الفلوس اللي عليكو\hato_elfloos_el-3liko\services\authService.js:34:15)
    at process.processTicksAndRejections (node:internal/process/task_queues:105:5)
    at async C:\Users\bobah\Desktop\هاتوا الفلوس اللي عليكو\hato_elfloos_el-3liko\controllers\authController.js:17:20
2026-01-29 13:39:03 [info]: ::1 - - [29/Jan/2026:11:39:03 +0000] "POST /api/auth/register HTTP/1.1" 409 105 "-" "PostmanRuntime/7.51.0"
2026-01-29 13:39:12 [error]: Error: secretOrPrivateKey must have a value
    at module.exports [as sign] (C:\Users\bobah\Desktop\هاتوا الفلوس اللي عليكو\hato_elfloos_el-3liko\node_modules\jsonwebtoken\sign.js:111:20)
    at generateAccessToken (C:\Users\bobah\Desktop\هاتوا الفلوس اللي عليكو\hato_elfloos_el-3liko\utils\jwt.js:19:14)
    at generateTokens (C:\Users\bobah\Desktop\هاتوا الفلوس اللي عليكو\hato_elfloos_el-3liko\utils\jwt.js:73:23)
    at AuthService.register (C:\Users\bobah\Desktop\هاتوا الفلوس اللي عليكو\hato_elfloos_el-3liko\services\authService.js:48:20)
    at process.processTicksAndRejections (node:internal/process/task_queues:105:5)
    at async C:\Users\bobah\Desktop\هاتوا الفلوس اللي عليكو\hato_elfloos_el-3liko\controllers\authController.js:17:20
2026-01-29 13:39:12 [info]: ::1 - - [29/Jan/2026:11:39:12 +0000] "POST /api/auth/register HTTP/1.1" 500 119 "-" "PostmanRuntime/7.51.0"
2026-01-29 13:41:30 [error]: Error: Email already registered
    at AuthService.register (C:\Users\bobah\Desktop\هاتوا الفلوس اللي عليكو\hato_elfloos_el-3liko\services\authService.js:31:15)
    at process.processTicksAndRejections (node:internal/process/task_queues:105:5)
    at async C:\Users\bobah\Desktop\هاتوا الفلوس اللي عليكو\hato_elfloos_el-3liko\controllers\authController.js:17:20
2026-01-29 13:41:30 [info]: ::1 - - [29/Jan/2026:11:41:30 +0000] "POST /api/auth/register HTTP/1.1" 409 107 "-" "PostmanRuntime/7.51.0"
2026-01-29 13:41:40 [info]: ::1 - - [29/Jan/2026:11:41:40 +0000] "POST /api/auth/register HTTP/1.1" 429 163 "-" "PostmanRuntime/7.51.0"
2026-01-29 13:42:10 [info]: ::1 - - [29/Jan/2026:11:42:10 +0000] "POST /api/auth/register HTTP/1.1" 429 163 "-" "PostmanRuntime/7.51.0"
2026-01-29 13:42:12 [info]: ::1 - - [29/Jan/2026:11:42:12 +0000] "POST /api/auth/register HTTP/1.1" 429 163 "-" "PostmanRuntime/7.51.0"
2026-01-29 13:42:14 [info]: ::1 - - [29/Jan/2026:11:42:14 +0000] "POST /api/auth/register HTTP/1.1" 429 163 "-" "PostmanRuntime/7.51.0"
2026-01-29 13:46:13 [info]: ::1 - - [29/Jan/2026:11:46:13 +0000] "POST /api/auth/login HTTP/1.1" 429 163 "-" "PostmanRuntime/7.51.0"
2026-01-29 13:52:31 [info]: MongoDB Connected: maglev.proxy.rlwy.net
2026-01-29 13:53:10 [info]: ::1 - - [29/Jan/2026:11:53:10 +0000] "GET /health HTTP/1.1" 200 136 "-" "PostmanRuntime/7.51.0"
2026-01-29 13:53:12 [info]: ::1 - - [29/Jan/2026:11:53:12 +0000] "GET /health HTTP/1.1" 200 136 "-" "PostmanRuntime/7.51.0"
2026-01-29 13:53:30 [info]: ::1 - - [29/Jan/2026:11:53:30 +0000] "POST /api/auth/register HTTP/1.1" 201 1101 "-" "PostmanRuntime/7.51.0"
2026-01-29 13:54:05 [error]: Error: Validation failed
    at C:\Users\bobah\Desktop\هاتوا الفلوس اللي عليكو\hato_elfloos_el-3liko\middleware\validate.js:27:13
    at Layer.handle [as handle_request] (C:\Users\bobah\Desktop\هاتوا الفلوس اللي عليكو\hato_elfloos_el-3liko\node_modules\express\lib\router\layer.js:95:5)
    at next (C:\Users\bobah\Desktop\هاتوا الفلوس اللي عليكو\hato_elfloos_el-3liko\node_modules\express\lib\router\route.js:137:13)
    at C:\Users\bobah\Desktop\هاتوا الفلوس اللي عليكو\hato_elfloos_el-3liko\node_modules\express-rate-limit\dist\index.cjs:807:7
    at process.processTicksAndRejections (node:internal/process/task_queues:105:5)
    at async C:\Users\bobah\Desktop\هاتوا الفلوس اللي عليكو\hato_elfloos_el-3liko\node_modules\express-rate-limit\dist\index.cjs:691:5
2026-01-29 13:54:05 [info]: ::1 - - [29/Jan/2026:11:54:05 +0000] "POST /api/auth/login HTTP/1.1" 422 162 "-" "PostmanRuntime/7.51.0"
2026-01-29 13:54:14 [error]: Error: Validation failed
    at C:\Users\bobah\Desktop\هاتوا الفلوس اللي عليكو\hato_elfloos_el-3liko\middleware\validate.js:27:13
    at Layer.handle [as handle_request] (C:\Users\bobah\Desktop\هاتوا الفلوس اللي عليكو\hato_elfloos_el-3liko\node_modules\express\lib\router\layer.js:95:5)
    at next (C:\Users\bobah\Desktop\هاتوا الفلوس اللي عليكو\hato_elfloos_el-3liko\node_modules\express\lib\router\route.js:137:13)
    at C:\Users\bobah\Desktop\هاتوا الفلوس اللي عليكو\hato_elfloos_el-3liko\node_modules\express-rate-limit\dist\index.cjs:807:7
    at process.processTicksAndRejections (node:internal/process/task_queues:105:5)
    at async C:\Users\bobah\Desktop\هاتوا الفلوس اللي عليكو\hato_elfloos_el-3liko\node_modules\express-rate-limit\dist\index.cjs:691:5
2026-01-29 13:54:14 [info]: ::1 - - [29/Jan/2026:11:54:14 +0000] "POST /api/auth/login HTTP/1.1" 422 162 "-" "PostmanRuntime/7.51.0"
2026-01-29 13:54:24 [error]: Error: Validation failed
    at C:\Users\bobah\Desktop\هاتوا الفلوس اللي عليكو\hato_elfloos_el-3liko\middleware\validate.js:27:13
    at Layer.handle [as handle_request] (C:\Users\bobah\Desktop\هاتوا الفلوس اللي عليكو\hato_elfloos_el-3liko\node_modules\express\lib\router\layer.js:95:5)
    at next (C:\Users\bobah\Desktop\هاتوا الفلوس اللي عليكو\hato_elfloos_el-3liko\node_modules\express\lib\router\route.js:137:13)
    at C:\Users\bobah\Desktop\هاتوا الفلوس اللي عليكو\hato_elfloos_el-3liko\node_modules\express-rate-limit\dist\index.cjs:807:7
    at process.processTicksAndRejections (node:internal/process/task_queues:105:5)
    at async C:\Users\bobah\Desktop\هاتوا الفلوس اللي عليكو\hato_elfloos_el-3liko\node_modules\express-rate-limit\dist\index.cjs:691:5
2026-01-29 13:54:24 [info]: ::1 - - [29/Jan/2026:11:54:24 +0000] "POST /api/auth/login HTTP/1.1" 422 162 "-" "PostmanRuntime/7.51.0"
2026-01-29 13:54:25 [error]: Error: Validation failed
    at C:\Users\bobah\Desktop\هاتوا الفلوس اللي عليكو\hato_elfloos_el-3liko\middleware\validate.js:27:13
    at Layer.handle [as handle_request] (C:\Users\bobah\Desktop\هاتوا الفلوس اللي عليكو\hato_elfloos_el-3liko\node_modules\express\lib\router\layer.js:95:5)
    at next (C:\Users\bobah\Desktop\هاتوا الفلوس اللي عليكو\hato_elfloos_el-3liko\node_modules\express\lib\router\route.js:137:13)
    at C:\Users\bobah\Desktop\هاتوا الفلوس اللي عليكو\hato_elfloos_el-3liko\node_modules\express-rate-limit\dist\index.cjs:807:7
    at process.processTicksAndRejections (node:internal/process/task_queues:105:5)
    at async C:\Users\bobah\Desktop\هاتوا الفلوس اللي عليكو\hato_elfloos_el-3liko\node_modules\express-rate-limit\dist\index.cjs:691:5
2026-01-29 13:54:25 [info]: ::1 - - [29/Jan/2026:11:54:25 +0000] "POST /api/auth/login HTTP/1.1" 422 162 "-" "PostmanRuntime/7.51.0"
2026-01-29 13:54:27 [error]: Error: Validation failed
    at C:\Users\bobah\Desktop\هاتوا الفلوس اللي عليكو\hato_elfloos_el-3liko\middleware\validate.js:27:13
    at Layer.handle [as handle_request] (C:\Users\bobah\Desktop\هاتوا الفلوس اللي عليكو\hato_elfloos_el-3liko\node_modules\express\lib\router\layer.js:95:5)
    at next (C:\Users\bobah\Desktop\هاتوا الفلوس اللي عليكو\hato_elfloos_el-3liko\node_modules\express\lib\router\route.js:137:13)
    at C:\Users\bobah\Desktop\هاتوا الفلوس اللي عليكو\hato_elfloos_el-3liko\node_modules\express-rate-limit\dist\index.cjs:807:7
    at process.processTicksAndRejections (node:internal/process/task_queues:105:5)
    at async C:\Users\bobah\Desktop\هاتوا الفلوس اللي عليكو\hato_elfloos_el-3liko\node_modules\express-rate-limit\dist\index.cjs:691:5
2026-01-29 13:54:27 [info]: ::1 - - [29/Jan/2026:11:54:27 +0000] "POST /api/auth/login HTTP/1.1" 422 162 "-" "PostmanRuntime/7.51.0"
2026-01-29 13:55:00 [info]: ::1 - - [29/Jan/2026:11:55:00 +0000] "POST /api/auth/login HTTP/1.1" 429 163 "-" "PostmanRuntime/7.51.0"
2026-01-29 13:55:18 [info]: MongoDB Connected: maglev.proxy.rlwy.net
2026-01-29 13:55:23 [error]: Error: Validation failed
    at C:\Users\bobah\Desktop\هاتوا الفلوس اللي عليكو\hato_elfloos_el-3liko\middleware\validate.js:27:13
    at Layer.handle [as handle_request] (C:\Users\bobah\Desktop\هاتوا الفلوس اللي عليكو\hato_elfloos_el-3liko\node_modules\express\lib\router\layer.js:95:5)
    at next (C:\Users\bobah\Desktop\هاتوا الفلوس اللي عليكو\hato_elfloos_el-3liko\node_modules\express\lib\router\route.js:137:13)
    at C:\Users\bobah\Desktop\هاتوا الفلوس اللي عليكو\hato_elfloos_el-3liko\node_modules\express-rate-limit\dist\index.cjs:807:7
    at process.processTicksAndRejections (node:internal/process/task_queues:105:5)
    at async C:\Users\bobah\Desktop\هاتوا الفلوس اللي عليكو\hato_elfloos_el-3liko\node_modules\express-rate-limit\dist\index.cjs:691:5
2026-01-29 13:55:23 [info]: ::1 - - [29/Jan/2026:11:55:23 +0000] "POST /api/auth/login HTTP/1.1" 422 162 "-" "PostmanRuntime/7.51.0"
2026-01-29 13:55:45 [error]: Error: Validation failed
    at C:\Users\bobah\Desktop\هاتوا الفلوس اللي عليكو\hato_elfloos_el-3liko\middleware\validate.js:27:13
    at Layer.handle [as handle_request] (C:\Users\bobah\Desktop\هاتوا الفلوس اللي عليكو\hato_elfloos_el-3liko\node_modules\express\lib\router\layer.js:95:5)
    at next (C:\Users\bobah\Desktop\هاتوا الفلوس اللي عليكو\hato_elfloos_el-3liko\node_modules\express\lib\router\route.js:137:13)
    at C:\Users\bobah\Desktop\هاتوا الفلوس اللي عليكو\hato_elfloos_el-3liko\node_modules\express-rate-limit\dist\index.cjs:807:7
    at process.processTicksAndRejections (node:internal/process/task_queues:105:5)
    at async C:\Users\bobah\Desktop\هاتوا الفلوس اللي عليكو\hato_elfloos_el-3liko\node_modules\express-rate-limit\dist\index.cjs:691:5
2026-01-29 13:55:45 [info]: ::1 - - [29/Jan/2026:11:55:45 +0000] "POST /api/auth/login HTTP/1.1" 422 162 "-" "PostmanRuntime/7.51.0"
2026-01-29 13:55:47 [error]: Error: Validation failed
    at C:\Users\bobah\Desktop\هاتوا الفلوس اللي عليكو\hato_elfloos_el-3liko\middleware\validate.js:27:13
    at Layer.handle [as handle_request] (C:\Users\bobah\Desktop\هاتوا الفلوس اللي عليكو\hato_elfloos_el-3liko\node_modules\express\lib\router\layer.js:95:5)
    at next (C:\Users\bobah\Desktop\هاتوا الفلوس اللي عليكو\hato_elfloos_el-3liko\node_modules\express\lib\router\route.js:137:13)
    at C:\Users\bobah\Desktop\هاتوا الفلوس اللي عليكو\hato_elfloos_el-3liko\node_modules\express-rate-limit\dist\index.cjs:807:7
    at process.processTicksAndRejections (node:internal/process/task_queues:105:5)
    at async C:\Users\bobah\Desktop\هاتوا الفلوس اللي عليكو\hato_elfloos_el-3liko\node_modules\express-rate-limit\dist\index.cjs:691:5
2026-01-29 13:55:47 [info]: ::1 - - [29/Jan/2026:11:55:47 +0000] "POST /api/auth/login HTTP/1.1" 422 162 "-" "PostmanRuntime/7.51.0"
2026-01-29 13:57:53 [error]: Error: Validation failed
    at C:\Users\bobah\Desktop\هاتوا الفلوس اللي عليكو\hato_elfloos_el-3liko\middleware\validate.js:27:13
    at Layer.handle [as handle_request] (C:\Users\bobah\Desktop\هاتوا الفلوس اللي عليكو\hato_elfloos_el-3liko\node_modules\express\lib\router\layer.js:95:5)
    at next (C:\Users\bobah\Desktop\هاتوا الفلوس اللي عليكو\hato_elfloos_el-3liko\node_modules\express\lib\router\route.js:137:13)
    at C:\Users\bobah\Desktop\هاتوا الفلوس اللي عليكو\hato_elfloos_el-3liko\node_modules\express-rate-limit\dist\index.cjs:807:7
    at process.processTicksAndRejections (node:internal/process/task_queues:105:5)
    at async C:\Users\bobah\Desktop\هاتوا الفلوس اللي عليكو\hato_elfloos_el-3liko\node_modules\express-rate-limit\dist\index.cjs:691:5
2026-01-29 13:57:53 [info]: ::1 - - [29/Jan/2026:11:57:53 +0000] "POST /api/auth/login HTTP/1.1" 422 162 "-" "PostmanRuntime/7.51.0"
2026-01-29 13:58:19 [info]: ::1 - - [29/Jan/2026:11:58:19 +0000] "GET /api/auth/me HTTP/1.1" 200 629 "-" "PostmanRuntime/7.51.0"
